---
source: webschembly-compiler/src/lexer/mod.rs
expression: "lex(\"+a\")"
---
Ok(
    [
        Token {
            kind: Identifier(
                "+a",
            ),
            span: Span {
                start: Pos {
                    line: 1,
                    column: 1,
                },
                end: Pos {
                    line: 1,
                    column: 3,
                },
            },
        },
        Token {
            kind: Eof,
            span: Span {
                start: Pos {
                    line: 1,
                    column: 3,
                },
                end: Pos {
                    line: 1,
                    column: 3,
                },
            },
        },
    ],
)
